
Allocating common symbols
Common symbol       size              file

global_rules_shadow
                    0x630             obj/kern/libdwarf_frame.o
ismp                0x4               obj/kern/mpconfig.o
lapicaddr           0x8               obj/kern/lapic.o
ts                  0x68              obj/kern/trap.o
end_debug           0x8               obj/kern/init.o
mydebug             0x60              obj/kern/kdebug.o
panicstr            0x8               obj/kern/init.o
boot_cr3            0x8               obj/kern/pmap.o
mpentry_kstack      0x8               obj/kern/init.o
cpus                0x220             obj/kern/mpconfig.o
global_std_op       0x200             obj/kern/libdwarf_lineno.o
lapic               0x8               obj/kern/lapic.o
bootcpu             0x8               obj/kern/mpconfig.o
_cie                0x78              obj/kern/kdebug.o
global_rules        0x630             obj/kern/libdwarf_frame.o
boot_pml4e          0x8               obj/kern/pmap.o
ncpu                0x4               obj/kern/mpconfig.o
_fde                0x80              obj/kern/kdebug.o
npages              0x8               obj/kern/pmap.o
pages               0x8               obj/kern/pmap.o
percpu_kstacks      0x40000           obj/kern/mpconfig.o

Discarded input sections

 .note.GNU-stack
                0x0000000000000000        0x0 obj/kern/init.o
 .note.GNU-stack
                0x0000000000000000        0x0 obj/kern/console.o
 .note.GNU-stack
                0x0000000000000000        0x0 obj/kern/monitor.o
 .note.GNU-stack
                0x0000000000000000        0x0 obj/kern/pmap.o
 .note.GNU-stack
                0x0000000000000000        0x0 obj/kern/env.o
 .note.GNU-stack
                0x0000000000000000        0x0 obj/kern/kclock.o
 .note.GNU-stack
                0x0000000000000000        0x0 obj/kern/picirq.o
 .note.GNU-stack
                0x0000000000000000        0x0 obj/kern/printf.o
 .note.GNU-stack
                0x0000000000000000        0x0 obj/kern/trap.o
 .note.GNU-stack
                0x0000000000000000        0x0 obj/kern/sched.o
 .note.GNU-stack
                0x0000000000000000        0x0 obj/kern/syscall.o
 .note.GNU-stack
                0x0000000000000000        0x0 obj/kern/kdebug.o
 .note.GNU-stack
                0x0000000000000000        0x0 obj/kern/printfmt.o
 .note.GNU-stack
                0x0000000000000000        0x0 obj/kern/readline.o
 .note.GNU-stack
                0x0000000000000000        0x0 obj/kern/string.o
 .note.GNU-stack
                0x0000000000000000        0x0 obj/kern/libdwarf_rw.o
 .note.GNU-stack
                0x0000000000000000        0x0 obj/kern/libdwarf_frame.o
 .note.GNU-stack
                0x0000000000000000        0x0 obj/kern/libdwarf_lineno.o
 .note.GNU-stack
                0x0000000000000000        0x0 obj/kern/elf_rw.o
 .note.GNU-stack
                0x0000000000000000        0x0 obj/kern/mpconfig.o
 .note.GNU-stack
                0x0000000000000000        0x0 obj/kern/lapic.o
 .note.GNU-stack
                0x0000000000000000        0x0 obj/kern/spinlock.o
 .note.GNU-stack
                0x0000000000000000        0x0 obj/kern/e1000.o
 .note.GNU-stack
                0x0000000000000000        0x0 obj/kern/pci.o
 .note.GNU-stack
                0x0000000000000000        0x0 obj/kern/time.o
 .note.GNU-stack
                0x0000000000000000        0x0 obj/vmm/ept.o
 .note.GNU-stack
                0x0000000000000000        0x0 obj/vmm/vmx.o
 .note.GNU-stack
                0x0000000000000000        0x0 obj/vmm/vmexits.o

Memory Configuration

Name             Origin             Length             Attributes
*default*        0x0000000000000000 0xffffffffffffffff

Linker script and memory map

                0x0000000000100000                . = 0x100000

.bootstrap      0x0000000000100000     0x7004
 obj/kern/bootstrap.o(.text .data .bss)
 .text          0x0000000000100000      0x115 obj/kern/bootstrap.o
                0x0000000000100000                _head64
                0x00000000001000e5                jumpto_longmode
 *fill*         0x0000000000100115      0xeeb 
 .data          0x0000000000101000     0x6004 obj/kern/bootstrap.o
                0x0000000000102000                pml4phys
                0x0000000000107000                multiboot_info
 .bss           0x0000000000107004        0x0 obj/kern/bootstrap.o
                0x0000008004200000                . = 0x8004200000

.text           0x0000008004200000    0x1cd73 load address 0x0000000000200000
 *(EXCLUDE_FILE(obj/kern/bootstrap.o) .text .stub .text.* .gnu.linkonce.t.*)
 .text          0x0000008004200000       0x58 obj/kern/entry.o
                0x000000800420000c                entry
                0x000000000020000c                _start
 .text          0x0000008004200058      0x695 obj/kern/init.o
                0x0000008004200099                i386_init
                0x0000008004200403                mp_main
                0x00000080042004c9                _panic
                0x0000008004200600                _warn
 .text          0x00000080042006ed      0xb58 obj/kern/console.o
                0x000000800420077d                serial_intr
                0x0000008004200fcc                kbd_intr
                0x00000080042010a6                cons_getc
                0x000000800420119a                cons_init
                0x00000080042011f3                cputchar
                0x0000008004201211                getchar
                0x0000008004201233                iscons
 .text          0x0000008004201245      0x8ad obj/kern/monitor.o
                0x0000008004201245                mon_help
                0x00000080042012dc                mon_kerninfo
                0x000000800420146a                mon_backtrace
                0x0000008004201a51                monitor
 .text          0x0000008004201af2     0x61aa obj/kern/pmap.o
                0x0000008004202631                x64_vm_init
                0x0000008004202beb                page_init
                0x0000008004202e9b                page_alloc
                0x0000008004202f4d                page_free
                0x0000008004202fcf                page_decref
                0x0000008004203010                pml4e_walk
                0x0000008004203289                pdpe_walk
                0x0000008004203502                pgdir_walk
                0x0000008004203a0d                page_insert
                0x0000008004203d7d                page_lookup
                0x0000008004203e08                page_remove
                0x0000008004203e7b                tlb_invalidate
                0x0000008004203f4a                mmio_map_region
                0x000000800420403f                user_mem_check
                0x000000800420415f                user_mem_assert
 .text          0x0000008004207c9c     0x1c5f obj/kern/env.o
                0x0000008004207e01                envid2env
                0x0000008004207f61                env_init
                0x000000800420802e                env_init_percpu
                0x0000008004208190                env_guest_alloc
                0x000000800420860a                env_guest_free
                0x0000008004208951                env_alloc
                0x0000008004208bdf                load_icode
                0x0000008004208fb2                env_create
                0x000000800420905a                env_free
                0x0000008004209513                env_destroy
                0x0000008004209602                env_pop_tf
                0x00000080042096de                env_run
 .text          0x00000080042098fb       0x7c obj/kern/kclock.o
                0x00000080042098fb                mc146818_read
                0x0000008004209937                mc146818_write
 .text          0x0000008004209977      0x273 obj/kern/picirq.o
                0x0000008004209977                pic_init
                0x0000008004209ac9                irq_setmask_8259A
                0x0000008004209bba                irq_eoi
 .text          0x0000008004209bea      0x165 obj/kern/printf.o
                0x0000008004209c18                vcprintf
                0x0000008004209c77                cprintf
 .text          0x0000008004209d4f     0x3a67 obj/kern/trap.o
                0x0000008004209def                trap_init
                0x000000800420c4f2                trap_init_percpu
                0x000000800420c96e                print_trapframe
                0x000000800420cc7f                print_regs
                0x000000800420d0e7                trap
                0x000000800420d444                page_fault_handler
 *fill*         0x000000800420d7b6        0xa 
 .text          0x000000800420d7c0      0x172 obj/kern/trapentry.o
                0x000000800420d7c0                Xdivide
                0x000000800420d7ca                Xdebug
                0x000000800420d7d4                Xnmi
                0x000000800420d7de                Xbrkpt
                0x000000800420d7e8                Xoflow
                0x000000800420d7f2                Xbound
                0x000000800420d7fc                Xillop
                0x000000800420d806                Xdevice
                0x000000800420d810                Xdblflt
                0x000000800420d818                Xtss
                0x000000800420d820                Xsegnp
                0x000000800420d828                Xstack
                0x000000800420d830                Xgpflt
                0x000000800420d838                Xpgflt
                0x000000800420d840                Xfperr
                0x000000800420d846                Xalign
                0x000000800420d84a                Xmchk
                0x000000800420d850                Xirq0
                0x000000800420d856                Xirq1
                0x000000800420d85c                Xirq2
                0x000000800420d862                Xirq3
                0x000000800420d868                Xirq4
                0x000000800420d86e                Xirq5
                0x000000800420d874                Xirq6
                0x000000800420d87a                Xirq7
                0x000000800420d880                Xirq8
                0x000000800420d886                Xirq9
                0x000000800420d88c                Xirq10
                0x000000800420d892                Xirq11
                0x000000800420d898                Xirq12
                0x000000800420d89e                Xirq13
                0x000000800420d8a4                Xirq14
                0x000000800420d8aa                Xirq15
                0x000000800420d8b0                Xsyscall
                0x000000800420d8b6                Xdefault
                0x000000800420d8c0                _alltraps
 .text          0x000000800420d932      0x4cd obj/kern/sched.o
                0x000000800420da16                sched_yield
                0x000000800420dbfe                sched_halt
 .text          0x000000800420ddff     0x109a obj/kern/syscall.o
                0x000000800420eb9f                syscall
 .text          0x000000800420ee99      0xc2f obj/kern/kdebug.o
                0x000000800420ee99                list_func_die
                0x000000800420f5ff                debuginfo_rip
 .text          0x000000800420fac8      0xa71 obj/kern/printfmt.o
                0x000000800420fda3                vprintfmt
                0x00000080042102bb                printfmt
                0x00000080042103bb                vsnprintf
                0x0000008004210458                snprintf
 .text          0x0000008004210539      0x155 obj/kern/readline.o
                0x0000008004210539                readline
 .text          0x000000800421068e      0x7c5 obj/kern/string.o
                0x000000800421068e                strlen
                0x00000080042106bc                strnlen
                0x00000080042106fa                strcpy
                0x000000800421073d                strcat
                0x000000800421078c                strncpy
                0x00000080042107ec                strlcpy
                0x000000800421085c                strcmp
                0x00000080042108af                strncmp
                0x0000008004210920                strchr
                0x000000800421095c                strfind
                0x0000008004210993                memset
                0x0000008004210a1e                memmove
                0x0000008004210b35                memcpy
                0x0000008004210b69                memcmp
                0x0000008004210bdd                memfind
                0x0000008004210c26                strtol
                0x0000008004210db8                strstr
 .text          0x0000008004210e53     0x1f4d obj/kern/libdwarf_rw.o
                0x0000008004210e53                _dwarf_read_lsb
                0x0000008004210f7f                _dwarf_decode_lsb
                0x00000080042110a0                _dwarf_read_msb
                0x0000008004211252                _dwarf_decode_msb
                0x0000008004211401                _dwarf_read_sleb128
                0x00000080042114a5                _dwarf_read_uleb128
                0x0000008004211524                _dwarf_decode_sleb128
                0x00000080042115b6                _dwarf_decode_uleb128
                0x0000008004211623                _dwarf_read_string
                0x00000080042116b2                _dwarf_read_block
                0x00000080042116fb                _dwarf_elf_get_byte_order
                0x0000008004211769                _dwarf_elf_get_pointer_size
                0x00000080042117d3                _dwarf_init
                0x00000080042118b5                _get_next_cu
                0x0000008004211a50                print_cu
                0x0000008004211a87                _dwarf_abbrev_parse
                0x0000008004211d0a                _dwarf_abbrev_find
                0x0000008004211e3b                _dwarf_attr_init
                0x00000080042124cc                dwarf_search_die_within_cu
                0x00000080042127c5                dwarf_offdie
                0x00000080042128c8                _dwarf_attr_find
                0x000000800421295b                dwarf_siblingof
                0x0000008004212b9f                dwarf_child
                0x0000008004212d43                _dwarf_find_section_enhanced
 .text          0x0000008004212da0     0x257f obj/kern/libdwarf_frame.o
                0x0000008004212da0                _dwarf_frame_params_init
                0x0000008004212de0                dwarf_get_fde_at_pc
                0x0000008004212eb2                _dwarf_frame_regtable_copy
                0x0000008004213e5f                _dwarf_frame_get_internal_table
                0x00000080042140ec                dwarf_get_fde_info_for_all_regs
                0x0000008004214f8e                _dwarf_frame_interal_table_init
                0x0000008004215247                dwarf_set_frame_cfa_value
                0x0000008004215277                dwarf_init_eh_section
 .text          0x000000800421531f      0xd4b obj/kern/libdwarf_lineno.o
                0x000000800421597b                _dwarf_lineno_init
                0x0000008004215eef                dwarf_srclines
 .text          0x000000800421606a      0xd12 obj/kern/elf_rw.o
                0x000000800421606a                _dwarf_find_section
                0x00000080042160ea                find_debug_sections
                0x00000080042163b3                read_section_headers
                0x0000008004216af2                readseg
                0x0000008004216c56                waitdisk
                0x0000008004216c82                readsect
 *fill*         0x0000008004216d7c        0x4 
 .text          0x0000008004216d80       0xe7 obj/kern/mpentry.o
                0x0000008004216d80                mpentry_start
                0x0000008004216e66                mpentry_end
 .text          0x0000008004216e67      0x8f2 obj/kern/mpconfig.o
                0x000000800421733d                mp_init
 .text          0x0000008004217759      0x473 obj/kern/lapic.o
                0x000000800421779b                lapic_init
                0x0000008004217992                cpunum
                0x00000080042179c7                lapic_eoi
                0x0000008004217a02                lapic_startap
                0x0000008004217b85                lapic_ipi
 .text          0x0000008004217bcc      0x472 obj/kern/spinlock.o
                0x0000008004217ce9                __spin_initlock
                0x0000008004217d1d                spin_lock
                0x0000008004217df4                spin_unlock
 .text          0x000000800421803e      0x680 obj/kern/e1000.o
                0x000000800421803e                e1000_attach
                0x00000080042183c9                e1000_transmit
                0x0000008004218538                e1000_receive
 .text          0x00000080042186be      0xafa obj/kern/pci.o
                0x0000008004218efb                pci_func_enable
                0x000000800421917c                pci_init
 .text          0x00000080042191b8       0xa3 obj/kern/time.o
                0x00000080042191b8                time_init
                0x00000080042191ce                time_tick
                0x0000008004219240                time_msec
 .text          0x000000800421925b      0x5eb obj/vmm/ept.o
                0x00000080042193f6                ept_gpa2hva
                0x00000080042196ae                free_guest_mem
                0x00000080042196e2                ept_page_insert
                0x0000008004219700                ept_map_hva2gpa
                0x0000008004219722                ept_alloc_static
 .text          0x0000008004219846     0x2ae4 obj/vmm/vmx.o
                0x0000008004219a0f                vmx_list_vms
                0x0000008004219acf                vmx_sel_resume
                0x0000008004219ba5                vmx_check_support
                0x0000008004219bfe                vmx_check_ept
                0x0000008004219c2c                check_fixed_bits
                0x0000008004219cf5                vmx_init_vmcs
                0x0000008004219dfb                vmx_init_vmxon
                0x000000800421a2ac                vmcs_host_init
                0x000000800421a67a                vmcs_guest_init
                0x000000800421aeb8                vmx_read_capability_msr
                0x000000800421b587                vmcs_dump_cpu
                0x000000800421b6c8                vmexit
                0x000000800421bc72                asm_vmrun
                0x000000800421be02                msr_setup
                0x000000800421bf15                bitmap_setup
                0x000000800421c057                vmx_vmrun
 .text          0x000000800421c32a      0xa49 obj/vmm/vmexits.o
                0x000000800421c443                vmx_get_vmdisk_number
                0x000000800421c455                vmx_incr_vmdisk_number
                0x000000800421c476                find_msr_in_region
                0x000000800421c4cd                handle_interrupt_window
                0x000000800421c54e                handle_interrupts
                0x000000800421c5fb                handle_rdmsr
                0x000000800421c703                handle_wrmsr
                0x000000800421c86f                handle_eptviolation
                0x000000800421ca61                handle_ioinstr
                0x000000800421cc40                handle_cpuid
                0x000000800421cc7a                handle_vmcall
                0x000000800421cd73                PROVIDE (etext, .)

.iplt           0x000000800421cd80        0x0 load address 0x000000000021cd80
 .iplt          0x000000800421cd80        0x0 obj/kern/bootstrap.o

.rodata         0x000000800421cd80     0x36d8 load address 0x000000000021cd80
 *(EXCLUDE_FILE(obj/kern/bootstrap.o) .rodata .rodata.* .gnu.linkonce.r.*)
 .rodata        0x000000800421cd80       0xd6 obj/kern/init.o
 .rodata        0x000000800421ce56       0x29 obj/kern/console.o
 *fill*         0x000000800421ce7f        0x1 
 .rodata        0x000000800421ce80      0x2e1 obj/kern/monitor.o
 *fill*         0x000000800421d161        0x7 
 .rodata        0x000000800421d168      0xf2c obj/kern/pmap.o
 *fill*         0x000000800421e094        0x4 
 .rodata        0x000000800421e098      0x1dd obj/kern/env.o
 .rodata        0x000000800421e275       0x1a obj/kern/picirq.o
 *fill*         0x000000800421e28f       0x11 
 .rodata        0x000000800421e2a0      0x4a0 obj/kern/trap.o
 .rodata        0x000000800421e740       0x8c obj/kern/sched.o
 *fill*         0x000000800421e7cc        0x4 
 .rodata        0x000000800421e7d0      0x1c8 obj/kern/syscall.o
 *fill*         0x000000800421e998        0x8 
 .rodata        0x000000800421e9a0      0x37b obj/kern/kdebug.o
 *fill*         0x000000800421ed1b        0x5 
 .rodata        0x000000800421ed20      0x4c8 obj/kern/printfmt.o
 .rodata        0x000000800421f1e8       0x13 obj/kern/readline.o
 *fill*         0x000000800421f1fb        0x5 
 .rodata        0x000000800421f200      0x1ab obj/kern/libdwarf_rw.o
 *fill*         0x000000800421f3ab        0x5 
 .rodata        0x000000800421f3b0      0x1d8 obj/kern/libdwarf_frame.o
 .rodata        0x000000800421f588       0xc3 obj/kern/libdwarf_lineno.o
 .rodata        0x000000800421f64b       0xa7 obj/kern/elf_rw.o
 *fill*         0x000000800421f6f2        0x6 
 .rodata        0x000000800421f6f8      0x291 obj/kern/mpconfig.o
 *fill*         0x000000800421f989        0x7 
 .rodata        0x000000800421f990       0x33 obj/kern/lapic.o
 *fill*         0x000000800421f9c3        0x5 
 .rodata        0x000000800421f9c8       0xf1 obj/kern/spinlock.o
 *fill*         0x000000800421fab9        0x7 
 .rodata        0x000000800421fac0       0x87 obj/kern/e1000.o
 *fill*         0x000000800421fb47        0x1 
 .rodata        0x000000800421fb48      0x287 obj/kern/pci.o
 .rodata        0x000000800421fdcf       0x2a obj/kern/time.o
 *fill*         0x000000800421fdf9        0x7 
 .rodata        0x000000800421fe00       0x60 obj/vmm/ept.o
 .rodata        0x000000800421fe60      0x45f obj/vmm/vmx.o
 *fill*         0x00000080042202bf        0x1 
 .rodata        0x00000080042202c0      0x198 obj/vmm/vmexits.o

.eh_frame       0x0000008004220458     0x25f8 load address 0x0000000000220458
 .eh_frame      0x0000008004220458       0xf8 obj/kern/init.o
                                         0xf0 (size before relaxing)
 .eh_frame      0x0000008004220550      0x240 obj/kern/console.o
                                        0x258 (size before relaxing)
 .eh_frame      0x0000008004220790       0xc0 obj/kern/monitor.o
                                         0xd8 (size before relaxing)
 .eh_frame      0x0000008004220850      0x438 obj/kern/pmap.o
                                        0x448 (size before relaxing)
 .eh_frame      0x0000008004220c88      0x280 obj/kern/env.o
                                        0x290 (size before relaxing)
 .eh_frame      0x0000008004220f08       0x40 obj/kern/kclock.o
                                         0x58 (size before relaxing)
 .eh_frame      0x0000008004220f48       0x60 obj/kern/picirq.o
                                         0x78 (size before relaxing)
 .eh_frame      0x0000008004220fa8       0x60 obj/kern/printf.o
                                         0x78 (size before relaxing)
 .eh_frame      0x0000008004221008      0x148 obj/kern/trap.o
                                        0x158 (size before relaxing)
 .eh_frame      0x0000008004221150       0xa0 obj/kern/sched.o
                                         0xb8 (size before relaxing)
 .eh_frame      0x00000080042211f0      0x310 obj/kern/syscall.o
                                        0x320 (size before relaxing)
 .eh_frame      0x0000008004221500       0x48 obj/kern/kdebug.o
                                         0x60 (size before relaxing)
 .eh_frame      0x0000008004221548      0x118 obj/kern/printfmt.o
                                        0x128 (size before relaxing)
 .eh_frame      0x0000008004221660       0x20 obj/kern/readline.o
                                         0x38 (size before relaxing)
 .eh_frame      0x0000008004221680      0x220 obj/kern/string.o
                                        0x238 (size before relaxing)
 .eh_frame      0x00000080042218a0      0x308 obj/kern/libdwarf_rw.o
                                        0x320 (size before relaxing)
 .eh_frame      0x0000008004221ba8      0x1d0 obj/kern/libdwarf_frame.o
                                        0x1e8 (size before relaxing)
 .eh_frame      0x0000008004221d78       0x98 obj/kern/libdwarf_lineno.o
                                         0xb0 (size before relaxing)
 .eh_frame      0x0000008004221e10       0xc0 obj/kern/elf_rw.o
                                         0xd8 (size before relaxing)
 .eh_frame      0x0000008004221ed0       0xa8 obj/kern/mpconfig.o
                                         0xc0 (size before relaxing)
 .eh_frame      0x0000008004221f78       0xe0 obj/kern/lapic.o
                                         0xf8 (size before relaxing)
 .eh_frame      0x0000008004222058       0xe0 obj/kern/spinlock.o
                                         0xf0 (size before relaxing)
 .eh_frame      0x0000008004222138       0x60 obj/kern/e1000.o
                                         0x78 (size before relaxing)
 .eh_frame      0x0000008004222198      0x140 obj/kern/pci.o
                                        0x158 (size before relaxing)
 .eh_frame      0x00000080042222d8       0x60 obj/kern/time.o
                                         0x78 (size before relaxing)
 .eh_frame      0x0000008004222338      0x1a8 obj/vmm/ept.o
                                        0x1c0 (size before relaxing)
 .eh_frame      0x00000080042224e0      0x350 obj/vmm/vmx.o
                                        0x360 (size before relaxing)
 .eh_frame      0x0000008004222830      0x220 obj/vmm/vmexits.o
                                        0x230 (size before relaxing)

.rela.dyn       0x0000008004222a50        0x0 load address 0x0000000000222a50
 .rela.iplt     0x0000008004222a50        0x0 obj/kern/bootstrap.o
 .rela.text     0x0000008004222a50        0x0 obj/kern/bootstrap.o
 .rela.data     0x0000008004222a50        0x0 obj/kern/bootstrap.o
                0x0000008004223000                . = ALIGN (0x1000)

.data           0x0000008004223000   0x2b71a0 load address 0x0000000000223000
 *(EXCLUDE_FILE(obj/kern/bootstrap.o) .data)
 .data          0x0000008004223000    0x10042 obj/kern/entry.o
                0x0000008004223000                bootstack
                0x0000008004233000                kernel_64
                0x0000008004233000                bootstacktop
                0x0000008004233038                gdtdesc_64
 .data          0x0000008004233042        0x0 obj/kern/init.o
 *fill*         0x0000008004233042       0x1e 
 .data          0x0000008004233060      0x520 obj/kern/console.o
 .data          0x0000008004233580       0x60 obj/kern/monitor.o
 .data          0x00000080042335e0        0x8 obj/kern/pmap.o
 *fill*         0x00000080042335e8       0x18 
 .data          0x0000008004233600       0x72 obj/kern/env.o
                0x0000008004233600                gdt
                0x0000008004233668                gdt_pd
 .data          0x0000008004233672        0x0 obj/kern/kclock.o
 .data          0x0000008004233672        0x2 obj/kern/picirq.o
                0x0000008004233672                irq_mask_8259A
 .data          0x0000008004233674        0x0 obj/kern/printf.o
 .data          0x0000008004233674        0x0 obj/kern/trap.o
 .data          0x0000008004233674        0x0 obj/kern/trapentry.o
 .data          0x0000008004233674        0x0 obj/kern/sched.o
 .data          0x0000008004233674        0x0 obj/kern/syscall.o
 *fill*         0x0000008004233674        0x4 
 .data          0x0000008004233678       0x18 obj/kern/kdebug.o
                0x0000008004233678                fde
                0x0000008004233680                cie
                0x0000008004233688                dbg
 .data          0x0000008004233690        0x0 obj/kern/printfmt.o
 .data          0x0000008004233690        0x0 obj/kern/readline.o
 .data          0x0000008004233690        0x0 obj/kern/string.o
 .data          0x0000008004233690        0x0 obj/kern/libdwarf_rw.o
 *fill*         0x0000008004233690       0x10 
 .data          0x00000080042336a0       0x20 obj/kern/libdwarf_frame.o
                0x00000080042336a0                debug_frame_sec
 .data          0x00000080042336c0        0x0 obj/kern/libdwarf_lineno.o
 .data          0x00000080042336c0       0xa0 obj/kern/elf_rw.o
                0x00000080042336c0                section_info
 .data          0x0000008004233760        0x0 obj/kern/mpentry.o
 .data          0x0000008004233760        0x0 obj/kern/mpconfig.o
 .data          0x0000008004233760        0x0 obj/kern/lapic.o
 .data          0x0000008004233760       0x68 obj/kern/spinlock.o
                0x0000008004233760                kernel_lock
 .data          0x00000080042337c8        0x0 obj/kern/e1000.o
 *fill*         0x00000080042337c8       0x18 
 .data          0x00000080042337e0       0x98 obj/kern/pci.o
                0x0000008004233800                pci_attach_class
                0x0000008004233820                pci_attach_vendor
 .data          0x0000008004233878        0x0 obj/kern/time.o
 .data          0x0000008004233878        0x0 obj/vmm/ept.o
 .data          0x0000008004233878        0x0 obj/vmm/vmx.o
 .data          0x0000008004233878        0x0 obj/vmm/vmexits.o
 .data          0x0000008004233878    0x161a0 obj/user/hello
                0x0000008004233878                _binary_obj_user_hello_start
                0x0000008004249a18                _binary_obj_user_hello_end
 .data          0x0000008004249a18    0x15c78 obj/user/idle
                0x0000008004249a18                _binary_obj_user_idle_start
                0x000000800425f690                _binary_obj_user_idle_end
 .data          0x000000800425f690    0x175b8 obj/user/testfile
                0x000000800425f690                _binary_obj_user_testfile_start
                0x0000008004276c48                _binary_obj_user_testfile_end
 .data          0x0000008004276c48    0x15d08 obj/user/writemotd
                0x0000008004276c48                _binary_obj_user_writemotd_start
                0x000000800428c950                _binary_obj_user_writemotd_end
 .data          0x000000800428c950    0x18750 obj/user/spawnhello
                0x000000800428c950                _binary_obj_user_spawnhello_start
                0x00000080042a50a0                _binary_obj_user_spawnhello_end
 .data          0x00000080042a50a0    0x182a8 obj/user/icode
                0x00000080042a50a0                _binary_obj_user_icode_start
                0x00000080042bd348                _binary_obj_user_icode_end
 .data          0x00000080042bd348    0x27900 obj/fs/fs
                0x00000080042bd348                _binary_obj_fs_fs_start
                0x00000080042e4c48                _binary_obj_fs_fs_end
 .data          0x00000080042e4c48    0x15eb0 obj/user/testtime
                0x00000080042e4c48                _binary_obj_user_testtime_start
                0x00000080042faaf8                _binary_obj_user_testtime_end
 .data          0x00000080042faaf8    0x1a380 obj/user/httpd
                0x00000080042faaf8                _binary_obj_user_httpd_start
                0x0000008004314e78                _binary_obj_user_httpd_end
 .data          0x0000008004314e78    0x17bc8 obj/user/echosrv
                0x0000008004314e78                _binary_obj_user_echosrv_start
                0x000000800432ca40                _binary_obj_user_echosrv_end
 .data          0x000000800432ca40    0x17af8 obj/user/echotest
                0x000000800432ca40                _binary_obj_user_echotest_start
                0x0000008004344538                _binary_obj_user_echotest_end
 .data          0x0000008004344538    0x19688 obj/net/testoutput
                0x0000008004344538                _binary_obj_net_testoutput_start
                0x000000800435dbc0                _binary_obj_net_testoutput_end
 .data          0x000000800435dbc0    0x1b6c8 obj/net/testinput
                0x000000800435dbc0                _binary_obj_net_testinput_start
                0x0000008004379288                _binary_obj_net_testinput_end
 .data          0x0000008004379288    0x64ed0 obj/net/ns
                0x0000008004379288                _binary_obj_net_ns_start
                0x00000080043de158                _binary_obj_net_ns_end
 .data          0x00000080043de158    0x1b050 obj/user/testpteshare
                0x00000080043de158                _binary_obj_user_testpteshare_start
                0x00000080043f91a8                _binary_obj_user_testpteshare_end
 .data          0x00000080043f91a8    0x18a70 obj/user/testfdsharing
                0x00000080043f91a8                _binary_obj_user_testfdsharing_start
                0x0000008004411c18                _binary_obj_user_testfdsharing_end
 .data          0x0000008004411c18    0x18f50 obj/user/testpipe
                0x0000008004411c18                _binary_obj_user_testpipe_start
                0x000000800442ab68                _binary_obj_user_testpipe_end
 .data          0x000000800442ab68    0x18838 obj/user/testpiperace
                0x000000800442ab68                _binary_obj_user_testpiperace_start
                0x00000080044433a0                _binary_obj_user_testpiperace_end
 .data          0x00000080044433a0    0x18820 obj/user/testpiperace2
                0x00000080044433a0                _binary_obj_user_testpiperace2_start
                0x000000800445bbc0                _binary_obj_user_testpiperace2_end
 .data          0x000000800445bbc0    0x182e0 obj/user/primespipe
                0x000000800445bbc0                _binary_obj_user_primespipe_start
                0x0000008004473ea0                _binary_obj_user_primespipe_end
 .data          0x0000008004473ea0    0x168c0 obj/user/testkbd
                0x0000008004473ea0                _binary_obj_user_testkbd_start
                0x000000800448a760                _binary_obj_user_testkbd_end
 .data          0x000000800448a760    0x1b0d0 obj/user/testshell
                0x000000800448a760                _binary_obj_user_testshell_start
                0x00000080044a5830                _binary_obj_user_testshell_end
 .data          0x00000080044a5830    0x168e0 obj/user/vmm
                0x00000080044a5830                _binary_obj_user_vmm_start
                0x00000080044bc110                _binary_obj_user_vmm_end
 .data          0x00000080044bc110    0x1e090 obj/user/sh
                0x00000080044bc110                _binary_obj_user_sh_start
                0x00000080044da1a0                _binary_obj_user_sh_end
                0x00000080044da1a0                PROVIDE (edata, .)

.igot.plt       0x00000080044da1a0        0x0 load address 0x00000000004da1a0
 .igot.plt      0x00000080044da1a0        0x0 obj/kern/bootstrap.o

.bss            0x00000080044db000   0x242010 load address 0x00000000004db000
 *(EXCLUDE_FILE(obj/kern/bootstrap.o) .bss)
 .bss           0x00000080044db000        0x0 obj/kern/entry.o
 .bss           0x00000080044db000        0x0 obj/kern/init.o
 .bss           0x00000080044db000      0x22c obj/kern/console.o
 .bss           0x00000080044db22c        0x0 obj/kern/monitor.o
 *fill*         0x00000080044db22c        0x4 
 .bss           0x00000080044db230       0x20 obj/kern/pmap.o
 .bss           0x00000080044db250       0x18 obj/kern/env.o
                0x00000080044db250                vcpu_count
                0x00000080044db258                envs
 .bss           0x00000080044db268        0x0 obj/kern/kclock.o
 .bss           0x00000080044db268        0x1 obj/kern/picirq.o
 .bss           0x00000080044db269        0x0 obj/kern/printf.o
 *fill*         0x00000080044db269       0x17 
 .bss           0x00000080044db280     0x1018 obj/kern/trap.o
                0x00000080044db280                idt
                0x00000080044dc280                idt_pd
 .bss           0x00000080044dc298        0x0 obj/kern/trapentry.o
 .bss           0x00000080044dc298        0x0 obj/kern/sched.o
 .bss           0x00000080044dc298        0x0 obj/kern/syscall.o
 .bss           0x00000080044dc298        0x8 obj/kern/kdebug.o
 .bss           0x00000080044dc2a0        0x0 obj/kern/printfmt.o
 .bss           0x00000080044dc2a0      0x400 obj/kern/readline.o
 .bss           0x00000080044dc6a0        0x0 obj/kern/string.o
 .bss           0x00000080044dc6a0        0x0 obj/kern/libdwarf_rw.o
 .bss           0x00000080044dc6a0       0x68 obj/kern/libdwarf_frame.o
                0x00000080044dc6a0                global_rt_table
                0x00000080044dc6e0                global_rt_table_shadow
 .bss           0x00000080044dc708        0x0 obj/kern/libdwarf_lineno.o
 .bss           0x00000080044dc708        0x0 obj/kern/elf_rw.o
 .bss           0x00000080044dc708        0x0 obj/kern/mpentry.o
 .bss           0x00000080044dc708        0x0 obj/kern/mpconfig.o
 .bss           0x00000080044dc708        0x0 obj/kern/lapic.o
 .bss           0x00000080044dc708        0x0 obj/kern/spinlock.o
 *fill*         0x00000080044dc708       0x18 
 .bss           0x00000080044dc720   0x1fde80 obj/kern/e1000.o
 .bss           0x00000080046da5a0       0x20 obj/kern/pci.o
 .bss           0x00000080046da5c0        0x4 obj/kern/time.o
 .bss           0x00000080046da5c4        0x0 obj/vmm/ept.o
 .bss           0x00000080046da5c4        0x4 obj/vmm/vmx.o
 .bss           0x00000080046da5c8        0x8 obj/vmm/vmexits.o
 COMMON         0x00000080046da5d0       0x18 obj/kern/init.o
                0x00000080046da5d0                end_debug
                0x00000080046da5d8                panicstr
                0x00000080046da5e0                mpentry_kstack
 COMMON         0x00000080046da5e8       0x20 obj/kern/pmap.o
                0x00000080046da5e8                boot_cr3
                0x00000080046da5f0                boot_pml4e
                0x00000080046da5f8                npages
                0x00000080046da600                pages
 *fill*         0x00000080046da608       0x18 
 COMMON         0x00000080046da620       0x68 obj/kern/trap.o
                0x00000080046da620                ts
 *fill*         0x00000080046da688       0x18 
 COMMON         0x00000080046da6a0      0x160 obj/kern/kdebug.o
                0x00000080046da6a0                mydebug
                0x00000080046da700                _cie
                0x00000080046da780                _fde
 COMMON         0x00000080046da800      0xc70 obj/kern/libdwarf_frame.o
                0x00000080046da800                global_rules_shadow
                0x00000080046dae40                global_rules
 *fill*         0x00000080046db470       0x10 
 COMMON         0x00000080046db480      0x200 obj/kern/libdwarf_lineno.o
                0x00000080046db480                global_std_op
 *fill*         0x00000080046db680      0x980 
 COMMON         0x00000080046dc000    0x41000 obj/kern/mpconfig.o
                0x00000080046dc000                ismp
                0x00000080046dc020                cpus
                0x00000080046dc240                bootcpu
                0x00000080046dc248                ncpu
                0x00000080046dd000                percpu_kstacks
 COMMON         0x000000800471d000       0x10 obj/kern/lapic.o
                0x000000800471d000                lapicaddr
                0x000000800471d008                lapic
                0x000000800471d010                PROVIDE (end, .)

.debug
 *(.debug)

.line
 *(.line)

.debug_srcinfo
 *(.debug_srcinfo)

.debug_sfnames
 *(.debug_sfnames)

.debug_aranges  0x0000000000000000      0x600
 *(.debug_aranges)
 .debug_aranges
                0x0000000000000000       0x30 obj/kern/bootstrap.o
 .debug_aranges
                0x0000000000000030       0x30 obj/kern/entry.o
 .debug_aranges
                0x0000000000000060       0x30 obj/kern/init.o
 .debug_aranges
                0x0000000000000090       0x30 obj/kern/console.o
 .debug_aranges
                0x00000000000000c0       0x30 obj/kern/monitor.o
 .debug_aranges
                0x00000000000000f0       0x30 obj/kern/pmap.o
 .debug_aranges
                0x0000000000000120       0x30 obj/kern/env.o
 .debug_aranges
                0x0000000000000150       0x30 obj/kern/kclock.o
 .debug_aranges
                0x0000000000000180       0x30 obj/kern/picirq.o
 .debug_aranges
                0x00000000000001b0       0x30 obj/kern/printf.o
 .debug_aranges
                0x00000000000001e0       0x30 obj/kern/trap.o
 .debug_aranges
                0x0000000000000210       0x30 obj/kern/trapentry.o
 .debug_aranges
                0x0000000000000240       0x30 obj/kern/sched.o
 .debug_aranges
                0x0000000000000270       0x30 obj/kern/syscall.o
 .debug_aranges
                0x00000000000002a0       0x30 obj/kern/kdebug.o
 .debug_aranges
                0x00000000000002d0       0x30 obj/kern/printfmt.o
 .debug_aranges
                0x0000000000000300       0x30 obj/kern/readline.o
 .debug_aranges
                0x0000000000000330       0x30 obj/kern/string.o
 .debug_aranges
                0x0000000000000360       0x30 obj/kern/libdwarf_rw.o
 .debug_aranges
                0x0000000000000390       0x30 obj/kern/libdwarf_frame.o
 .debug_aranges
                0x00000000000003c0       0x30 obj/kern/libdwarf_lineno.o
 .debug_aranges
                0x00000000000003f0       0x30 obj/kern/elf_rw.o
 .debug_aranges
                0x0000000000000420       0x30 obj/kern/mpentry.o
 .debug_aranges
                0x0000000000000450       0x30 obj/kern/mpconfig.o
 .debug_aranges
                0x0000000000000480       0x30 obj/kern/lapic.o
 .debug_aranges
                0x00000000000004b0       0x30 obj/kern/spinlock.o
 .debug_aranges
                0x00000000000004e0       0x30 obj/kern/e1000.o
 .debug_aranges
                0x0000000000000510       0x30 obj/kern/pci.o
 .debug_aranges
                0x0000000000000540       0x30 obj/kern/time.o
 .debug_aranges
                0x0000000000000570       0x30 obj/vmm/ept.o
 .debug_aranges
                0x00000000000005a0       0x30 obj/vmm/vmx.o
 .debug_aranges
                0x00000000000005d0       0x30 obj/vmm/vmexits.o

.debug_pubnames
 *(.debug_pubnames)

.debug_info     0x0000000000000000    0x15e2b
 *(.debug_info .gnu.linkonce.wi.*)
 .debug_info    0x0000000000000000       0x64 obj/kern/bootstrap.o
 .debug_info    0x0000000000000064       0x60 obj/kern/entry.o
 .debug_info    0x00000000000000c4      0xb62 obj/kern/init.o
 .debug_info    0x0000000000000c26      0xcb8 obj/kern/console.o
 .debug_info    0x00000000000018de      0x8de obj/kern/monitor.o
 .debug_info    0x00000000000021bc     0x23db obj/kern/pmap.o
 .debug_info    0x0000000000004597     0x14d0 obj/kern/env.o
 .debug_info    0x0000000000005a67      0x1ee obj/kern/kclock.o
 .debug_info    0x0000000000005c55      0x483 obj/kern/picirq.o
 .debug_info    0x00000000000060d8      0x1ec obj/kern/printf.o
 .debug_info    0x00000000000062c4     0x12ae obj/kern/trap.o
 .debug_info    0x0000000000007572       0x64 obj/kern/trapentry.o
 .debug_info    0x00000000000075d6      0x8f7 obj/kern/sched.o
 .debug_info    0x0000000000007ecd      0xf8d obj/kern/syscall.o
 .debug_info    0x0000000000008e5a     0x154d obj/kern/kdebug.o
 .debug_info    0x000000000000a3a7      0x5f5 obj/kern/printfmt.o
 .debug_info    0x000000000000a99c      0x169 obj/kern/readline.o
 .debug_info    0x000000000000ab05      0x6a6 obj/kern/string.o
 .debug_info    0x000000000000b1ab     0x1425 obj/kern/libdwarf_rw.o
 .debug_info    0x000000000000c5d0     0x1094 obj/kern/libdwarf_frame.o
 .debug_info    0x000000000000d664      0xdf0 obj/kern/libdwarf_lineno.o
 .debug_info    0x000000000000e454      0x96b obj/kern/elf_rw.o
 .debug_info    0x000000000000edbf       0x62 obj/kern/mpentry.o
 .debug_info    0x000000000000ee21      0xcc8 obj/kern/mpconfig.o
 .debug_info    0x000000000000fae9      0x8ec obj/kern/lapic.o
 .debug_info    0x00000000000103d5      0xa4a obj/kern/spinlock.o
 .debug_info    0x0000000000010e1f      0x598 obj/kern/e1000.o
 .debug_info    0x00000000000113b7      0x70a obj/kern/pci.o
 .debug_info    0x0000000000011ac1       0xaf obj/kern/time.o
 .debug_info    0x0000000000011b70      0x6e4 obj/vmm/ept.o
 .debug_info    0x0000000000012254     0x2a24 obj/vmm/vmx.o
 .debug_info    0x0000000000014c78     0x11b3 obj/vmm/vmexits.o

.debug_abbrev   0x0000000000000000     0x3768
 *(.debug_abbrev)
 .debug_abbrev  0x0000000000000000       0x14 obj/kern/bootstrap.o
 .debug_abbrev  0x0000000000000014       0x14 obj/kern/entry.o
 .debug_abbrev  0x0000000000000028      0x26a obj/kern/init.o
 .debug_abbrev  0x0000000000000292      0x2d5 obj/kern/console.o
 .debug_abbrev  0x0000000000000567      0x1ef obj/kern/monitor.o
 .debug_abbrev  0x0000000000000756      0x2c7 obj/kern/pmap.o
 .debug_abbrev  0x0000000000000a1d      0x31e obj/kern/env.o
 .debug_abbrev  0x0000000000000d3b      0x102 obj/kern/kclock.o
 .debug_abbrev  0x0000000000000e3d       0xf0 obj/kern/picirq.o
 .debug_abbrev  0x0000000000000f2d       0xef obj/kern/printf.o
 .debug_abbrev  0x000000000000101c      0x32b obj/kern/trap.o
 .debug_abbrev  0x0000000000001347       0x14 obj/kern/trapentry.o
 .debug_abbrev  0x000000000000135b      0x1dc obj/kern/sched.o
 .debug_abbrev  0x0000000000001537      0x27a obj/kern/syscall.o
 .debug_abbrev  0x00000000000017b1      0x264 obj/kern/kdebug.o
 .debug_abbrev  0x0000000000001a15      0x1e6 obj/kern/printfmt.o
 .debug_abbrev  0x0000000000001bfb       0xab obj/kern/readline.o
 .debug_abbrev  0x0000000000001ca6      0x115 obj/kern/string.o
 .debug_abbrev  0x0000000000001dbb      0x1f8 obj/kern/libdwarf_rw.o
 .debug_abbrev  0x0000000000001fb3      0x22a obj/kern/libdwarf_frame.o
 .debug_abbrev  0x00000000000021dd      0x223 obj/kern/libdwarf_lineno.o
 .debug_abbrev  0x0000000000002400      0x1e0 obj/kern/elf_rw.o
 .debug_abbrev  0x00000000000025e0       0x14 obj/kern/mpentry.o
 .debug_abbrev  0x00000000000025f4      0x22e obj/kern/mpconfig.o
 .debug_abbrev  0x0000000000002822      0x1d5 obj/kern/lapic.o
 .debug_abbrev  0x00000000000029f7      0x23f obj/kern/spinlock.o
 .debug_abbrev  0x0000000000002c36      0x129 obj/kern/e1000.o
 .debug_abbrev  0x0000000000002d5f      0x1c4 obj/kern/pci.o
 .debug_abbrev  0x0000000000002f23       0x78 obj/kern/time.o
 .debug_abbrev  0x0000000000002f9b      0x19a obj/vmm/ept.o
 .debug_abbrev  0x0000000000003135      0x3c6 obj/vmm/vmx.o
 .debug_abbrev  0x00000000000034fb      0x26d obj/vmm/vmexits.o

.debug_line     0x0000000000000000     0x4ba3
 *(.debug_line)
 .debug_line    0x0000000000000000       0x99 obj/kern/bootstrap.o
 .debug_line    0x0000000000000099       0x51 obj/kern/entry.o
 .debug_line    0x00000000000000ea      0x1a9 obj/kern/init.o
 .debug_line    0x0000000000000293      0x2af obj/kern/console.o
 .debug_line    0x0000000000000542      0x1b0 obj/kern/monitor.o
 .debug_line    0x00000000000006f2      0xe76 obj/kern/pmap.o
 .debug_line    0x0000000000001568      0x497 obj/kern/env.o
 .debug_line    0x00000000000019ff       0x89 obj/kern/kclock.o
 .debug_line    0x0000000000001a88       0xad obj/kern/picirq.o
 .debug_line    0x0000000000001b35       0x82 obj/kern/printf.o
 .debug_line    0x0000000000001bb7      0x325 obj/kern/trap.o
 .debug_line    0x0000000000001edc       0x75 obj/kern/trapentry.o
 .debug_line    0x0000000000001f51      0x179 obj/kern/sched.o
 .debug_line    0x00000000000020ca      0x257 obj/kern/syscall.o
 .debug_line    0x0000000000002321      0x1e3 obj/kern/kdebug.o
 .debug_line    0x0000000000002504      0x28e obj/kern/printfmt.o
 .debug_line    0x0000000000002792       0x94 obj/kern/readline.o
 .debug_line    0x0000000000002826      0x1eb obj/kern/string.o
 .debug_line    0x0000000000002a11      0x45a obj/kern/libdwarf_rw.o
 .debug_line    0x0000000000002e6b      0x4f9 obj/kern/libdwarf_frame.o
 .debug_line    0x0000000000003364      0x206 obj/kern/libdwarf_lineno.o
 .debug_line    0x000000000000356a      0x231 obj/kern/elf_rw.o
 .debug_line    0x000000000000379b       0x74 obj/kern/mpentry.o
 .debug_line    0x000000000000380f      0x1f9 obj/kern/mpconfig.o
 .debug_line    0x0000000000003a08      0x16a obj/kern/lapic.o
 .debug_line    0x0000000000003b72      0x17a obj/kern/spinlock.o
 .debug_line    0x0000000000003cec      0x17e obj/kern/e1000.o
 .debug_line    0x0000000000003e6a      0x1dc obj/kern/pci.o
 .debug_line    0x0000000000004046       0x50 obj/kern/time.o
 .debug_line    0x0000000000004096      0x188 obj/vmm/ept.o
 .debug_line    0x000000000000421e      0x717 obj/vmm/vmx.o
 .debug_line    0x0000000000004935      0x26e obj/vmm/vmexits.o

.debug_frame
 *(.debug_frame)

.debug_str      0x0000000000000000     0x339d
 *(.debug_str)
 .debug_str     0x0000000000000000      0x63a obj/kern/init.o
                                        0x6e3 (size before relaxing)
 .debug_str     0x000000000000063a      0x149 obj/kern/console.o
                                        0x2ba (size before relaxing)
 .debug_str     0x0000000000000783      0x171 obj/kern/monitor.o
                                        0x454 (size before relaxing)
 .debug_str     0x00000000000008f4      0x54c obj/kern/pmap.o
                                        0xb4f (size before relaxing)
 .debug_str     0x0000000000000e40      0x334 obj/kern/env.o
                                        0xa3d (size before relaxing)
 .debug_str     0x0000000000001174       0x31 obj/kern/kclock.o
                                        0x177 (size before relaxing)
 .debug_str     0x00000000000011a5       0x35 obj/kern/picirq.o
                                        0x1aa (size before relaxing)
 .debug_str     0x00000000000011da       0x17 obj/kern/printf.o
                                        0x1ac (size before relaxing)
 .debug_str     0x00000000000011f1      0x282 obj/kern/trap.o
                                        0x924 (size before relaxing)
 .debug_str     0x0000000000001473       0x29 obj/kern/sched.o
                                        0x62e (size before relaxing)
 .debug_str     0x000000000000149c      0x345 obj/kern/syscall.o
                                        0x9eb (size before relaxing)
 .debug_str     0x00000000000017e1      0x905 obj/kern/kdebug.o
                                       0x100d (size before relaxing)
 .debug_str     0x00000000000020e6       0x93 obj/kern/printfmt.o
                                        0x34c (size before relaxing)
 .debug_str     0x0000000000002179       0x27 obj/kern/readline.o
                                        0x1e8 (size before relaxing)
 .debug_str     0x00000000000021a0       0x9e obj/kern/string.o
                                        0x205 (size before relaxing)
 .debug_str     0x000000000000223e      0x25c obj/kern/libdwarf_rw.o
                                        0xbfb (size before relaxing)
 .debug_str     0x000000000000249a      0x2dd obj/kern/libdwarf_frame.o
                                        0xb54 (size before relaxing)
 .debug_str     0x0000000000002777      0x1bd obj/kern/libdwarf_lineno.o
                                        0xba2 (size before relaxing)
 .debug_str     0x0000000000002934      0x144 obj/kern/elf_rw.o
                                        0x45f (size before relaxing)
 .debug_str     0x0000000000002a78       0xbe obj/kern/mpconfig.o
                                        0x695 (size before relaxing)
 .debug_str     0x0000000000002b36       0x52 obj/kern/lapic.o
                                        0x5df (size before relaxing)
 .debug_str     0x0000000000002b88       0x4d obj/kern/spinlock.o
                                        0x6a9 (size before relaxing)
 .debug_str     0x0000000000002bd5       0xd6 obj/kern/e1000.o
                                        0x378 (size before relaxing)
 .debug_str     0x0000000000002cab      0x16f obj/kern/pci.o
                                        0x34a (size before relaxing)
 .debug_str     0x0000000000002e1a       0x26 obj/kern/time.o
                                        0x106 (size before relaxing)
 .debug_str     0x0000000000002e40       0xb9 obj/vmm/ept.o
                                        0x310 (size before relaxing)
 .debug_str     0x0000000000002ef9      0x363 obj/vmm/vmx.o
                                        0xacb (size before relaxing)
 .debug_str     0x000000000000325c      0x141 obj/vmm/vmexits.o
                                        0x901 (size before relaxing)

.debug_loc      0x0000000000000000     0x6cdc
 *(.debug_loc)
 .debug_loc     0x0000000000000000      0x264 obj/kern/init.o
 .debug_loc     0x0000000000000264      0x6c0 obj/kern/console.o
 .debug_loc     0x0000000000000924      0x240 obj/kern/monitor.o
 .debug_loc     0x0000000000000b64      0xc00 obj/kern/pmap.o
 .debug_loc     0x0000000000001764      0x6f8 obj/kern/env.o
 .debug_loc     0x0000000000001e5c       0xc0 obj/kern/kclock.o
 .debug_loc     0x0000000000001f1c      0x120 obj/kern/picirq.o
 .debug_loc     0x000000000000203c      0x120 obj/kern/printf.o
 .debug_loc     0x000000000000215c      0x398 obj/kern/trap.o
 .debug_loc     0x00000000000024f4      0x1e0 obj/kern/sched.o
 .debug_loc     0x00000000000026d4      0x8d8 obj/kern/syscall.o
 .debug_loc     0x0000000000002fac       0xc0 obj/kern/kdebug.o
 .debug_loc     0x000000000000306c      0x300 obj/kern/printfmt.o
 .debug_loc     0x000000000000336c       0x60 obj/kern/readline.o
 .debug_loc     0x00000000000033cc      0x660 obj/kern/string.o
 .debug_loc     0x0000000000003a2c      0x900 obj/kern/libdwarf_rw.o
 .debug_loc     0x000000000000432c      0x540 obj/kern/libdwarf_frame.o
 .debug_loc     0x000000000000486c      0x180 obj/kern/libdwarf_lineno.o
 .debug_loc     0x00000000000049ec      0x240 obj/kern/elf_rw.o
 .debug_loc     0x0000000000004c2c      0x1e0 obj/kern/mpconfig.o
 .debug_loc     0x0000000000004e0c      0x2a0 obj/kern/lapic.o
 .debug_loc     0x00000000000050ac      0x240 obj/kern/spinlock.o
 .debug_loc     0x00000000000052ec      0x120 obj/kern/e1000.o
 .debug_loc     0x000000000000540c      0x3c0 obj/kern/pci.o
 .debug_loc     0x00000000000057cc      0x120 obj/kern/time.o
 .debug_loc     0x00000000000058ec      0x4e0 obj/vmm/ept.o
 .debug_loc     0x0000000000005dcc      0x924 obj/vmm/vmx.o
 .debug_loc     0x00000000000066f0      0x5ec obj/vmm/vmexits.o

.comment        0x0000000000000000       0x23
 .comment       0x0000000000000000       0x23 obj/kern/init.o
                                         0x24 (size before relaxing)
 .comment       0x0000000000000023       0x24 obj/kern/console.o
 .comment       0x0000000000000023       0x24 obj/kern/monitor.o
 .comment       0x0000000000000023       0x24 obj/kern/pmap.o
 .comment       0x0000000000000023       0x24 obj/kern/env.o
 .comment       0x0000000000000023       0x24 obj/kern/kclock.o
 .comment       0x0000000000000023       0x24 obj/kern/picirq.o
 .comment       0x0000000000000023       0x24 obj/kern/printf.o
 .comment       0x0000000000000023       0x24 obj/kern/trap.o
 .comment       0x0000000000000023       0x24 obj/kern/sched.o
 .comment       0x0000000000000023       0x24 obj/kern/syscall.o
 .comment       0x0000000000000023       0x24 obj/kern/kdebug.o
 .comment       0x0000000000000023       0x24 obj/kern/printfmt.o
 .comment       0x0000000000000023       0x24 obj/kern/readline.o
 .comment       0x0000000000000023       0x24 obj/kern/string.o
 .comment       0x0000000000000023       0x24 obj/kern/libdwarf_rw.o
 .comment       0x0000000000000023       0x24 obj/kern/libdwarf_frame.o
 .comment       0x0000000000000023       0x24 obj/kern/libdwarf_lineno.o
 .comment       0x0000000000000023       0x24 obj/kern/elf_rw.o
 .comment       0x0000000000000023       0x24 obj/kern/mpconfig.o
 .comment       0x0000000000000023       0x24 obj/kern/lapic.o
 .comment       0x0000000000000023       0x24 obj/kern/spinlock.o
 .comment       0x0000000000000023       0x24 obj/kern/e1000.o
 .comment       0x0000000000000023       0x24 obj/kern/pci.o
 .comment       0x0000000000000023       0x24 obj/kern/time.o
 .comment       0x0000000000000023       0x24 obj/vmm/ept.o
 .comment       0x0000000000000023       0x24 obj/vmm/vmx.o
 .comment       0x0000000000000023       0x24 obj/vmm/vmexits.o

.debug_macinfo
 *(.debug_macinfo)

.debug_weaknames
 *(.debug_weaknames)

.debug_funcnames
 *(.debug_funcnames)

.debug_typenames
 *(.debug_typenames)

.debug_varnames
 *(.debug_varnames)

/DISCARD/
 *(.note.GNU-stack)
LOAD obj/kern/entry.o
LOAD obj/kern/bootstrap.o
LOAD obj/kern/init.o
LOAD obj/kern/console.o
LOAD obj/kern/monitor.o
LOAD obj/kern/pmap.o
LOAD obj/kern/env.o
LOAD obj/kern/kclock.o
LOAD obj/kern/picirq.o
LOAD obj/kern/printf.o
LOAD obj/kern/trap.o
LOAD obj/kern/trapentry.o
LOAD obj/kern/sched.o
LOAD obj/kern/syscall.o
LOAD obj/kern/kdebug.o
LOAD obj/kern/printfmt.o
LOAD obj/kern/readline.o
LOAD obj/kern/string.o
LOAD obj/kern/libdwarf_rw.o
LOAD obj/kern/libdwarf_frame.o
LOAD obj/kern/libdwarf_lineno.o
LOAD obj/kern/elf_rw.o
LOAD obj/kern/mpentry.o
LOAD obj/kern/mpconfig.o
LOAD obj/kern/lapic.o
LOAD obj/kern/spinlock.o
LOAD obj/kern/e1000.o
LOAD obj/kern/pci.o
LOAD obj/kern/time.o
LOAD obj/vmm/ept.o
LOAD obj/vmm/vmx.o
LOAD obj/vmm/vmexits.o
LOAD /usr/lib/gcc/x86_64-linux-gnu/4.8/libgcc.a
TARGET(binary)
LOAD obj/user/hello
LOAD obj/user/idle
LOAD obj/user/testfile
LOAD obj/user/writemotd
LOAD obj/user/spawnhello
LOAD obj/user/icode
LOAD obj/fs/fs
LOAD obj/user/testtime
LOAD obj/user/httpd
LOAD obj/user/echosrv
LOAD obj/user/echotest
LOAD obj/net/testoutput
LOAD obj/net/testinput
LOAD obj/net/ns
LOAD obj/user/testpteshare
LOAD obj/user/testfdsharing
LOAD obj/user/testpipe
LOAD obj/user/testpiperace
LOAD obj/user/testpiperace2
LOAD obj/user/primespipe
LOAD obj/user/testkbd
LOAD obj/user/testshell
LOAD obj/user/vmm
LOAD obj/user/sh
OUTPUT(obj/kern/kernel elf64-x86-64)
